{
  "type" : "Script",
  "header" : {
    "type" : "Header",
    "directives" : [ {
      "type" : "Version",
      "version" : "1.0"
    }, {
      "type" : "Output",
      "output" : "application/json"
    } ]
  },
  "body" : {
    "type" : "Body",
    "expression" : {
      "type" : "object",
      "expression" : {
        "type" : "Literal",
        "value" : "10"
      },
      "operator" : "as",
      "format" : {
        "type" : "FormatOption",
        "key" : "class",
        "value" : "\"soa.sfabs.SOAResponseInfoType\\$ServiceInfo\""
      }
    }
  }
}
